
> my-gtasan-app@0.1.0 dev
> next dev

   ▲ Next.js 16.0.1 (Turbopack)
   - Local:        http://localhost:3000
   - Network:      http://192.168.100.243:3000

 ✓ Starting...
 ⚠ The "middleware" file convention is deprecated. Please use "proxy" instead. Learn more: https://nextjs.org/docs/messages/middleware-to-proxy
 ✓ Ready in 4.3s
 ○ Compiling /[locale] ...
 GET / 200 in 22.1s (compile: 20.6s, proxy.ts: 222ms, render: 1350ms)
 HEAD / 200 in 395ms (compile: 60ms, proxy.ts: 22ms, render: 313ms)
 GET / 200 in 1451ms (compile: 35ms, proxy.ts: 96ms, render: 1321ms)
 GET / 200 in 1418ms (compile: 32ms, proxy.ts: 57ms, render: 1329ms)
 ✓ Compiled in 602ms
 ✓ Compiled in 223ms
 GET / 200 in 807ms (compile: 518ms, proxy.ts: 69ms, render: 220ms)
 ✓ Compiled in 328ms
 GET / 200 in 823ms (compile: 491ms, proxy.ts: 159ms, render: 172ms)
 ✓ Compiled in 208ms
 GET / 200 in 778ms (compile: 376ms, proxy.ts: 57ms, render: 345ms)
 GET / 200 in 1094ms (compile: 764ms, proxy.ts: 195ms, render: 136ms)
 ✓ Compiled in 295ms
 GET / 200 in 763ms (compile: 401ms, proxy.ts: 71ms, render: 290ms)
 ✓ Compiled in 288ms
 GET / 200 in 745ms (compile: 479ms, proxy.ts: 55ms, render: 211ms)
 GET / 200 in 562ms (compile: 319ms, proxy.ts: 44ms, render: 200ms)
 ✓ Compiled in 291ms
 GET / 200 in 625ms (compile: 324ms, proxy.ts: 56ms, render: 245ms)
 ✓ Compiled in 1735ms
 ✓ Compiled in 392ms
 GET / 200 in 1568ms (compile: 323ms, proxy.ts: 19ms, render: 1226ms)
 GET /ja 200 in 240ms (compile: 28ms, proxy.ts: 49ms, render: 162ms)
 ✓ Compiled in 1644ms
 ✓ Compiled in 1061ms
 GET / 200 in 1002ms (compile: 159ms, proxy.ts: 15ms, render: 829ms)
 GET / 200 in 1561ms (compile: 399ms, proxy.ts: 43ms, render: 1120ms)
 ✓ Compiled in 970ms
 ✓ Compiled in 496ms
 ✓ Compiled in 1861ms
 GET / 200 in 856ms (compile: 438ms, proxy.ts: 79ms, render: 339ms)
 ✓ Compiled in 1590ms
 GET / 200 in 1197ms (compile: 412ms, proxy.ts: 7ms, render: 778ms)
 ✓ Compiled in 570ms
 ✓ Compiled in 195ms
 GET / 200 in 864ms (compile: 503ms, proxy.ts: 92ms, render: 270ms)
 ✓ Compiled in 129ms
 GET / 200 in 433ms (compile: 241ms, proxy.ts: 53ms, render: 139ms)
 ✓ Compiled in 322ms
 GET / 200 in 703ms (compile: 452ms, proxy.ts: 64ms, render: 188ms)
 GET / 200 in 843ms (compile: 685ms, proxy.ts: 40ms, render: 118ms)
 ✓ Compiled in 109ms
 GET / 200 in 474ms (compile: 235ms, proxy.ts: 49ms, render: 190ms)
 ✓ Compiled in 155ms
 GET / 200 in 782ms (compile: 516ms, proxy.ts: 59ms, render: 206ms)
 ✓ Compiled in 312ms
 GET / 200 in 1187ms (compile: 886ms, proxy.ts: 103ms, render: 198ms)
 ✓ Compiled in 139ms
 GET / 200 in 415ms (compile: 246ms, proxy.ts: 39ms, render: 130ms)
 ✓ Compiled in 1028ms
 ✓ Compiled in 430ms
 GET / 200 in 1186ms (compile: 221ms, proxy.ts: 7ms, render: 958ms)
 GET /ja 200 in 204ms (compile: 35ms, proxy.ts: 73ms, render: 95ms)
 ✓ Compiled in 184ms
 GET /ja 200 in 931ms (compile: 628ms, proxy.ts: 90ms, render: 213ms)
 GET / 200 in 258ms (compile: 43ms, proxy.ts: 52ms, render: 163ms)
 ✓ Compiled in 144ms
 GET / 200 in 640ms (compile: 450ms, proxy.ts: 56ms, render: 133ms)
 GET /ja 200 in 148ms (compile: 22ms, proxy.ts: 42ms, render: 84ms)
 ✓ Compiled in 172ms
 GET /ja 200 in 938ms (compile: 741ms, proxy.ts: 61ms, render: 136ms)
 GET / 200 in 160ms (compile: 27ms, proxy.ts: 37ms, render: 96ms)
 GET /es 200 in 153ms (compile: 25ms, proxy.ts: 41ms, render: 87ms)
 GET /de 200 in 158ms (compile: 27ms, proxy.ts: 50ms, render: 80ms)
 GET / 200 in 137ms (compile: 25ms, proxy.ts: 35ms, render: 77ms)
 GET / 200 in 1274ms (compile: 40ms, proxy.ts: 63ms, render: 1171ms)
 GET /es 200 in 161ms (compile: 29ms, proxy.ts: 39ms, render: 93ms)
 GET / 200 in 222ms (compile: 41ms, proxy.ts: 75ms, render: 106ms)
 ✓ Compiled in 6.6s
 ○ Compiling /_not-found/page ...
 GET /assets/images/character-development.png 404 in 18.8s (compile: 16.6s, proxy.ts: 83ms, render: 2.2s)
 GET /assets/images/cj-journey.png 404 in 19.2s (compile: 16.8s, proxy.ts: 87ms, render: 2.3s)
 GET /assets/images/gameplay.png 404 in 13.5s (compile: 11.1s, proxy.ts: 19ms, render: 2.3s)
 GET /assets/images/updates-2025.png 404 in 13.5s (compile: 11.8s, proxy.ts: 21ms, render: 1751ms)
 GET /assets/images/gang-conflicts.png 404 in 19.2s (compile: 17.7s, proxy.ts: 83ms, render: 1473ms)
 ⨯ The requested resource isn't a valid image for /assets/images/updates-2025.png received null
 ⨯ The requested resource isn't a valid image for /assets/images/gameplay.png received null
 ⨯ The requested resource isn't a valid image for /assets/images/cj-journey.png received null
 ⨯ The requested resource isn't a valid image for /assets/images/gang-conflicts.png received null
 ⨯ The requested resource isn't a valid image for /assets/images/character-development.png received null
 ✓ Compiled in 2.8s
 GET /assets/images/image1.png 404 in 1723ms (compile: 227ms, proxy.ts: 42ms, render: 1454ms)
 GET /assets/images/image2.png 404 in 1799ms (compile: 368ms, proxy.ts: 76ms, render: 1355ms)
 GET /assets/images/image3.png 404 in 1933ms (compile: 509ms, proxy.ts: 79ms, render: 1345ms)
 ⨯ The requested resource isn't a valid image for /assets/images/image1.png received null
 ⨯ The requested resource isn't a valid image for /assets/images/image2.png received null
 ⨯ The requested resource isn't a valid image for /assets/images/image3.png received null
 GET /assets/images/image5.png 404 in 1255ms (compile: 110ms, proxy.ts: 302ms, render: 842ms)
 ⨯ The requested resource isn't a valid image for /assets/images/image5.png received null
 GET /assets/images/image4.png 404 in 1286ms (compile: 644ms, proxy.ts: 315ms, render: 328ms)
 ⨯ The requested resource isn't a valid image for /assets/images/image4.png received null
 GET / 200 in 4.9s (compile: 1118ms, proxy.ts: 95ms, render: 3.7s)
 GET /assets/images/image1.png 404 in 397ms (compile: 58ms, proxy.ts: 23ms, render: 316ms)
 GET /assets/images/image2.png 404 in 406ms (compile: 131ms, proxy.ts: 24ms, render: 250ms)
 ⨯ The requested resource isn't a valid image for /assets/images/image1.png received null
 ⨯ The requested resource isn't a valid image for /assets/images/image2.png received null
 GET /assets/images/image3.png 404 in 291ms (compile: 43ms, proxy.ts: 10ms, render: 238ms)
 ⨯ The requested resource isn't a valid image for /assets/images/image3.png received null
 GET /assets/images/image4.png 404 in 296ms (compile: 43ms, proxy.ts: 9ms, render: 244ms)
 ⨯ The requested resource isn't a valid image for /assets/images/image4.png received null
 GET /assets/images/image5.png 404 in 238ms (compile: 32ms, proxy.ts: 25ms, render: 181ms)
 ⨯ The requested resource isn't a valid image for /assets/images/image5.png received null
 GET / 200 in 923ms (compile: 34ms, proxy.ts: 39ms, render: 849ms)
 GET /assets/images/image2.png 404 in 1607ms (compile: 199ms, proxy.ts: 112ms, render: 1296ms)
 GET /assets/images/image1.png 404 in 1744ms (compile: 313ms, proxy.ts: 65ms, render: 1366ms)
 GET /assets/images/image3.png 404 in 1761ms (compile: 458ms, proxy.ts: 59ms, render: 1244ms)
 ⨯ The requested resource isn't a valid image for /assets/images/image2.png received null
 ⨯ The requested resource isn't a valid image for /assets/images/image1.png received null
 ⨯ The requested resource isn't a valid image for /assets/images/image3.png received null
 GET /assets/images/image4.png 404 in 773ms (compile: 120ms, proxy.ts: 25ms, render: 628ms)
 GET /assets/images/image5.png 404 in 796ms (compile: 395ms, proxy.ts: 17ms, render: 384ms)
 ⨯ The requested resource isn't a valid image for /assets/images/image4.png received null
 ⨯ The requested resource isn't a valid image for /assets/images/image5.png received null
 GET /assets/images/image1.png 404 in 352ms (compile: 80ms, proxy.ts: 10ms, render: 262ms)
 ⨯ The requested resource isn't a valid image for /assets/images/image1.png received null
 GET /assets/images/image3.png 404 in 1673ms (compile: 863ms, proxy.ts: 35ms, render: 774ms)
 GET /assets/images/image2.png 404 in 1718ms (compile: 973ms, proxy.ts: 35ms, render: 710ms)
 ⨯ The requested resource isn't a valid image for /assets/images/image3.png received null
 ⨯ The requested resource isn't a valid image for /assets/images/image2.png received null
 GET /assets/images/image4.png 404 in 1844ms (compile: 1074ms, proxy.ts: 218ms, render: 551ms)
 ⨯ The requested resource isn't a valid image for /assets/images/image4.png received null
 GET /assets/images/image5.png 404 in 1708ms (compile: 1242ms, proxy.ts: 29ms, render: 437ms)
 ⨯ The requested resource isn't a valid image for /assets/images/image5.png received null
 GET /.well-known/appspecific/com.chrome.devtools.json 404 in 1070ms (compile: 648ms, proxy.ts: 232ms, render: 190ms)
 GET /assets/images/image1.png 404 in 583ms (compile: 68ms, proxy.ts: 36ms, render: 479ms)
 GET /assets/images/image2.png 404 in 592ms (compile: 110ms, proxy.ts: 35ms, render: 446ms)
 ⨯ The requested resource isn't a valid image for /assets/images/image1.png received null
 ⨯ The requested resource isn't a valid image for /assets/images/image2.png received null
 GET /assets/images/image3.png 404 in 626ms (compile: 267ms, proxy.ts: 34ms, render: 325ms)
 GET /assets/images/image4.png 404 in 629ms (compile: 314ms, proxy.ts: 30ms, render: 285ms)
 GET /assets/images/image5.png 404 in 634ms (compile: 345ms, proxy.ts: 30ms, render: 259ms)
 ⨯ The requested resource isn't a valid image for /assets/images/image3.png received null
 ⨯ The requested resource isn't a valid image for /assets/images/image4.png received null
 ⨯ The requested resource isn't a valid image for /assets/images/image5.png received null
 ✓ Compiled in 841ms
 GET / 200 in 942ms (compile: 491ms, proxy.ts: 52ms, render: 399ms)
 ✓ Compiled in 522ms
 GET / 200 in 1897ms (compile: 1172ms, proxy.ts: 65ms, render: 660ms)
 GET /fr 200 in 584ms (compile: 187ms, proxy.ts: 187ms, render: 209ms)
 GET /assets/images/image3.png 404 in 2.8s (compile: 278ms, proxy.ts: 19ms, render: 2.5s)
 ⨯ The requested resource isn't a valid image for /assets/images/image3.png received null
 GET /assets/images/image2.png 404 in 3.3s (compile: 901ms, proxy.ts: 18ms, render: 2.4s)
 GET /assets/images/image1.png 404 in 3.6s (compile: 1302ms, proxy.ts: 16ms, render: 2.3s)
 ⨯ The requested resource isn't a valid image for /assets/images/image2.png received null
 ⨯ The requested resource isn't a valid image for /assets/images/image1.png received null
 GET /assets/images/image5.png 404 in 3.5s (compile: 2.2s, proxy.ts: 25ms, render: 1281ms)
 GET /assets/images/image4.png 404 in 3.4s (compile: 2.3s, proxy.ts: 16ms, render: 1026ms)
 ⨯ The requested resource isn't a valid image for /assets/images/image5.png received null
 ⨯ The requested resource isn't a valid image for /assets/images/image4.png received null
 GET /ja 200 in 484ms (compile: 130ms, proxy.ts: 147ms, render: 207ms)
 GET /assets/images/image1.png 404 in 1050ms (compile: 288ms, proxy.ts: 53ms, render: 710ms)
 ⨯ The requested resource isn't a valid image for /assets/images/image1.png received null
 GET /assets/images/image3.png 404 in 1097ms (compile: 621ms, proxy.ts: 20ms, render: 456ms)
 ⨯ The requested resource isn't a valid image for /assets/images/image3.png received null
 GET /assets/images/image2.png 404 in 1240ms (compile: 946ms, proxy.ts: 64ms, render: 231ms)
 ⨯ The requested resource isn't a valid image for /assets/images/image2.png received null
 GET /assets/images/image4.png 404 in 1292ms (compile: 525ms, proxy.ts: 172ms, render: 595ms)
 ⨯ The requested resource isn't a valid image for /assets/images/image4.png received null
 GET /assets/images/image5.png 404 in 1261ms (compile: 830ms, proxy.ts: 105ms, render: 326ms)
 ⨯ The requested resource isn't a valid image for /assets/images/image5.png received null
 GET /es 200 in 324ms (compile: 119ms, proxy.ts: 37ms, render: 168ms)
 GET /it 200 in 184ms (compile: 29ms, proxy.ts: 46ms, render: 110ms)
 ✓ Compiled in 268ms
 GET /it 200 in 921ms (compile: 629ms, proxy.ts: 58ms, render: 234ms)
 ✓ Compiled in 211ms
 GET /it 200 in 1140ms (compile: 831ms, proxy.ts: 72ms, render: 238ms)
 ✓ Compiled in 213ms
 GET /it 200 in 827ms (compile: 576ms, proxy.ts: 71ms, render: 180ms)
 ✓ Compiled in 187ms
 GET /it 200 in 850ms (compile: 547ms, proxy.ts: 98ms, render: 204ms)
 ✓ Compiled in 225ms
 GET /it 200 in 890ms (compile: 555ms, proxy.ts: 108ms, render: 227ms)
 GET /it 200 in 748ms (compile: 460ms, proxy.ts: 72ms, render: 216ms)
 ✓ Compiled in 242ms
 GET /it 200 in 995ms (compile: 671ms, proxy.ts: 81ms, render: 243ms)
 ✓ Compiled in 217ms
 GET /it 200 in 1069ms (compile: 771ms, proxy.ts: 123ms, render: 174ms)
 ✓ Compiled in 539ms
 GET /it 200 in 800ms (compile: 482ms, proxy.ts: 120ms, render: 199ms)
 ✓ Compiled in 182ms
 GET /it 200 in 863ms (compile: 522ms, proxy.ts: 63ms, render: 278ms)
 ✓ Compiled in 273ms
 GET /it 200 in 758ms (compile: 495ms, proxy.ts: 53ms, render: 210ms)
 ✓ Compiled in 214ms
 GET /it 200 in 744ms (compile: 514ms, proxy.ts: 63ms, render: 167ms)
 GET /assets/images/image2.png 404 in 391ms (compile: 34ms, proxy.ts: 15ms, render: 342ms)
 ⨯ The requested resource isn't a valid image for /assets/images/image2.png received null
 GET /assets/images/image1.png 404 in 596ms (compile: 315ms, proxy.ts: 18ms, render: 262ms)
 ⨯ The requested resource isn't a valid image for /assets/images/image1.png received null
 GET /assets/images/image3.png 404 in 833ms (compile: 164ms, proxy.ts: 105ms, render: 565ms)
 ⨯ The requested resource isn't a valid image for /assets/images/image3.png received null
 GET /assets/images/image4.png 404 in 861ms (compile: 332ms, proxy.ts: 28ms, render: 501ms)
 ⨯ The requested resource isn't a valid image for /assets/images/image4.png received null
 GET /assets/images/image5.png 404 in 863ms (compile: 548ms, proxy.ts: 41ms, render: 275ms)
 ⨯ The requested resource isn't a valid image for /assets/images/image5.png received null
 GET /it 200 in 138ms (compile: 34ms, proxy.ts: 46ms, render: 58ms)
 GET /fr 200 in 194ms (compile: 37ms, proxy.ts: 51ms, render: 106ms)
 GET /de 200 in 338ms (compile: 101ms, proxy.ts: 113ms, render: 125ms)
 GET /pt 200 in 313ms (compile: 47ms, proxy.ts: 60ms, render: 206ms)
 GET /ru 200 in 229ms (compile: 44ms, proxy.ts: 76ms, render: 109ms)
 GET /ja 200 in 430ms (compile: 62ms, proxy.ts: 61ms, render: 307ms)
 GET / 200 in 537ms (compile: 218ms, proxy.ts: 61ms, render: 258ms)
 GET /assets/images/image1.png 404 in 1594ms (compile: 141ms, proxy.ts: 30ms, render: 1424ms)
 GET /assets/images/image3.png 404 in 1600ms (compile: 278ms, proxy.ts: 25ms, render: 1298ms)
 ⨯ The requested resource isn't a valid image for /assets/images/image1.png received null
 ⨯ The requested resource isn't a valid image for /assets/images/image3.png received null
 GET /assets/images/image4.png 404 in 1786ms (compile: 963ms, proxy.ts: 50ms, render: 773ms)
 ⨯ The requested resource isn't a valid image for /assets/images/image4.png received null
 GET /assets/images/image2.png 404 in 1837ms (compile: 1428ms, proxy.ts: 32ms, render: 376ms)
 ⨯ The requested resource isn't a valid image for /assets/images/image2.png received null
 GET /assets/images/image5.png 404 in 454ms (compile: 139ms, proxy.ts: 16ms, render: 299ms)
 ⨯ The requested resource isn't a valid image for /assets/images/image5.png received null
 ✓ Compiled in 2.6s
 ✓ Compiled in 571ms
 GET /gta-image-1.jpg 404 in 253ms (compile: 42ms, proxy.ts: 9ms, render: 202ms)
 ⨯ The requested resource isn't a valid image for /gta-image-1.jpg received null
 GET / 200 in 3.2s (compile: 642ms, proxy.ts: 75ms, render: 2.4s)
 GET /assets/images/image1.png 404 in 470ms (compile: 71ms, proxy.ts: 25ms, render: 374ms)
 GET /assets/images/image2.png 404 in 535ms (compile: 153ms, proxy.ts: 30ms, render: 352ms)
 ⨯ The requested resource isn't a valid image for /assets/images/image1.png received null
 ⨯ The requested resource isn't a valid image for /assets/images/image2.png received null
 GET /gta-image-1.jpg 404 in 703ms (compile: 119ms, proxy.ts: 34ms, render: 550ms)
 ⨯ The requested resource isn't a valid image for /gta-image-1.jpg received null
 GET /assets/images/image3.png 404 in 1014ms (compile: 400ms, proxy.ts: 27ms, render: 587ms)
 ⨯ The requested resource isn't a valid image for /assets/images/image3.png received null
 GET /assets/images/image4.png 404 in 1098ms (compile: 729ms, proxy.ts: 29ms, render: 340ms)
 ⨯ The requested resource isn't a valid image for /assets/images/image4.png received null
 GET /assets/images/image5.png 404 in 1096ms (compile: 865ms, proxy.ts: 23ms, render: 207ms)
 ⨯ The requested resource isn't a valid image for /assets/images/image5.png received null
 GET /gta-image-2.jpg 404 in 264ms (compile: 75ms, proxy.ts: 15ms, render: 175ms)
 ⨯ The requested resource isn't a valid image for /gta-image-2.jpg received null
 GET /gta-image-1.jpg 404 in 109ms (compile: 16ms, proxy.ts: 10ms, render: 82ms)
 ⨯ The requested resource isn't a valid image for /gta-image-1.jpg received null
 GET /gta-image-2.jpg 404 in 114ms (compile: 15ms, proxy.ts: 11ms, render: 89ms)
 ⨯ The requested resource isn't a valid image for /gta-image-2.jpg received null
 GET /gta-image-3.jpg 404 in 192ms (compile: 17ms, proxy.ts: 10ms, render: 165ms)
 ⨯ The requested resource isn't a valid image for /gta-image-3.jpg received null
 GET /gta-image-4.jpg 404 in 134ms (compile: 17ms, proxy.ts: 12ms, render: 105ms)
 ⨯ The requested resource isn't a valid image for /gta-image-4.jpg received null
 GET /gta-image-1.jpg 404 in 113ms (compile: 16ms, proxy.ts: 5ms, render: 91ms)
 ⨯ The requested resource isn't a valid image for /gta-image-1.jpg received null
 GET /gta-image-2.jpg 404 in 159ms (compile: 39ms, proxy.ts: 9ms, render: 111ms)
 ⨯ The requested resource isn't a valid image for /gta-image-2.jpg received null
 GET /gta-image-3.jpg 404 in 119ms (compile: 23ms, proxy.ts: 6ms, render: 89ms)
 ⨯ The requested resource isn't a valid image for /gta-image-3.jpg received null
 ✓ Compiled in 1351ms
 GET /gta-image-1.jpg 404 in 842ms (compile: 124ms, proxy.ts: 49ms, render: 669ms)
 GET /gta-image-2.jpg 404 in 863ms (compile: 211ms, proxy.ts: 55ms, render: 597ms)
 ⨯ The requested resource isn't a valid image for /gta-image-1.jpg received null
 ⨯ The requested resource isn't a valid image for /gta-image-2.jpg received null
 GET /gta-image-4.jpg 404 in 888ms (compile: 405ms, proxy.ts: 61ms, render: 422ms)
 GET /gta-image-3.jpg 404 in 882ms (compile: 465ms, proxy.ts: 45ms, render: 371ms)
 ⨯ The requested resource isn't a valid image for /gta-image-4.jpg received null
 ⨯ The requested resource isn't a valid image for /gta-image-3.jpg received null
 GET /gta-image-1.jpg 404 in 271ms (compile: 27ms, proxy.ts: 8ms, render: 235ms)
 ⨯ The requested resource isn't a valid image for /gta-image-1.jpg received null
 GET /gta-image-2.jpg 404 in 282ms (compile: 22ms, proxy.ts: 11ms, render: 249ms)
 ⨯ The requested resource isn't a valid image for /gta-image-2.jpg received null
 GET /gta-image-3.jpg 404 in 233ms (compile: 36ms, proxy.ts: 8ms, render: 189ms)
 ⨯ The requested resource isn't a valid image for /gta-image-3.jpg received null
 GET /gta-image-4.jpg 404 in 302ms (compile: 29ms, proxy.ts: 9ms, render: 264ms)
 ⨯ The requested resource isn't a valid image for /gta-image-4.jpg received null
 GET /gta-image-3.jpg 404 in 222ms (compile: 20ms, proxy.ts: 9ms, render: 192ms)
 ⨯ The requested resource isn't a valid image for /gta-image-3.jpg received null
 GET /gta-image-1.jpg 404 in 387ms (compile: 45ms, proxy.ts: 10ms, render: 332ms)
 ⨯ The requested resource isn't a valid image for /gta-image-1.jpg received null
 ✓ Compiled in 2.1s
 GET /gta-image-5.jpg 404 in 449ms (compile: 59ms, proxy.ts: 18ms, render: 372ms)
 ⨯ The requested resource isn't a valid image for /gta-image-5.jpg received null
 GET /gta-image-6.jpg 404 in 493ms (compile: 213ms, proxy.ts: 9ms, render: 271ms)
 ⨯ The requested resource isn't a valid image for /gta-image-6.jpg received null
 GET /gta-image-7.jpg 404 in 657ms (compile: 475ms, proxy.ts: 15ms, render: 167ms)
 ⨯ The requested resource isn't a valid image for /gta-image-7.jpg received null
 GET /gta-image-4.jpg 404 in 804ms (compile: 127ms, proxy.ts: 17ms, render: 660ms)
 ⨯ The requested resource isn't a valid image for /gta-image-4.jpg received null
 GET /gta-image-8.jpg 404 in 826ms (compile: 662ms, proxy.ts: 17ms, render: 147ms)
 ⨯ The requested resource isn't a valid image for /gta-image-8.jpg received null
 ✓ Compiled in 1137ms
 ⚠ Fast Refresh had to perform a full reload due to a runtime error.
 ✓ Compiled in 569ms
 GET /gta-image-1.jpg 404 in 1583ms (compile: 1188ms, proxy.ts: 117ms, render: 278ms)
 ⨯ The requested resource isn't a valid image for /gta-image-1.jpg received null
 GET / 200 in 4.9s (compile: 1112ms, proxy.ts: 108ms, render: 3.7s)
 GET /gta-image-2.jpg 404 in 1606ms (compile: 387ms, proxy.ts: 52ms, render: 1166ms)
 ⨯ The requested resource isn't a valid image for /gta-image-2.jpg received null
 GET /gta-image-1.jpg 404 in 1865ms (compile: 780ms, proxy.ts: 65ms, render: 1020ms)
 GET /gta-image-3.jpg 404 in 1842ms (compile: 904ms, proxy.ts: 80ms, render: 858ms)
 ⨯ The requested resource isn't a valid image for /gta-image-1.jpg received null
 ⨯ The requested resource isn't a valid image for /gta-image-3.jpg received null
 GET /gta-image-4.jpg 404 in 2.1s (compile: 1310ms, proxy.ts: 34ms, render: 756ms)
 ⨯ The requested resource isn't a valid image for /gta-image-4.jpg received null
 GET /gta-image-5.jpg 404 in 2.2s (compile: 1587ms, proxy.ts: 73ms, render: 508ms)
 ⨯ The requested resource isn't a valid image for /gta-image-5.jpg received null
 GET /gta-image-6.jpg 404 in 2.2s (compile: 1636ms, proxy.ts: 427ms, render: 187ms)
 ⨯ The requested resource isn't a valid image for /gta-image-6.jpg received null
 GET /gta-image-7.jpg 404 in 667ms (compile: 257ms, proxy.ts: 95ms, render: 316ms)
 ⨯ The requested resource isn't a valid image for /gta-image-7.jpg received null
 GET /gta-image-8.jpg 404 in 592ms (compile: 293ms, proxy.ts: 106ms, render: 193ms)
 ⨯ The requested resource isn't a valid image for /gta-image-8.jpg received null
 ✓ Compiled in 1825ms
 ✓ Compiled in 2.2s
 GET /cj-journey.jpg 404 in 1344ms (compile: 287ms, proxy.ts: 17ms, render: 1040ms)
 GET /gang-conflicts.jpg 404 in 1342ms (compile: 454ms, proxy.ts: 24ms, render: 864ms)
 GET /relatable-gameplay.jpg 404 in 1358ms (compile: 618ms, proxy.ts: 42ms, render: 699ms)
 ⨯ The requested resource isn't a valid image for /cj-journey.jpg received null
 ⨯ The requested resource isn't a valid image for /gang-conflicts.jpg received null
 ⨯ The requested resource isn't a valid image for /relatable-gameplay.jpg received null
 GET /character-development.jpg 404 in 1522ms (compile: 1014ms, proxy.ts: 26ms, render: 481ms)
 GET /new-updates.jpg 404 in 1550ms (compile: 1126ms, proxy.ts: 27ms, render: 397ms)
 ⨯ The requested resource isn't a valid image for /character-development.jpg received null
 ⨯ The requested resource isn't a valid image for /new-updates.jpg received null
 GET / 200 in 2.5s (compile: 510ms, proxy.ts: 57ms, render: 1982ms)
 GET /cj-journey.jpg 404 in 492ms (compile: 212ms, proxy.ts: 33ms, render: 247ms)
 ⨯ The requested resource isn't a valid image for /cj-journey.jpg received null
 GET /gta-image-1.jpg 404 in 597ms (compile: 21ms, proxy.ts: 10ms, render: 566ms)
 ⨯ The requested resource isn't a valid image for /gta-image-1.jpg received null
 GET /gang-conflicts.jpg 404 in 1267ms (compile: 151ms, proxy.ts: 166ms, render: 949ms)
 GET /character-development.jpg 404 in 1220ms (compile: 256ms, proxy.ts: 119ms, render: 846ms)
 GET /new-updates.jpg 404 in 1223ms (compile: 319ms, proxy.ts: 117ms, render: 787ms)
 ⨯ The requested resource isn't a valid image for /gang-conflicts.jpg received null
 ⨯ The requested resource isn't a valid image for /character-development.jpg received null
 ⨯ The requested resource isn't a valid image for /new-updates.jpg received null
 GET /relatable-gameplay.jpg 404 in 1247ms (compile: 786ms, proxy.ts: 114ms, render: 346ms)
 ⨯ The requested resource isn't a valid image for /relatable-gameplay.jpg received null
 GET /admin 404 in 223ms (compile: 25ms, proxy.ts: 76ms, render: 123ms)
 GET / 200 in 1698ms (compile: 353ms, proxy.ts: 48ms, render: 1298ms)
 GET /gta-image-1.jpg 404 in 364ms (compile: 125ms, proxy.ts: 17ms, render: 221ms)
 ⨯ The requested resource isn't a valid image for /gta-image-1.jpg received null
 GET /CJ's Journey and Family Ties.jpg 404 in 1475ms (compile: 334ms, proxy.ts: 24ms, render: 1117ms)
 GET /Gang Conflicts and Rivalries.jpg 404 in 1486ms (compile: 430ms, proxy.ts: 95ms, render: 962ms)
 ⨯ The requested resource isn't a valid image for /CJ's Journey and Family Ties.jpg received null
 ⨯ The requested resource isn't a valid image for /Gang Conflicts and Rivalries.jpg received null
 GET /Character Development and Side Quests.jpg 404 in 1655ms (compile: 1303ms, proxy.ts: 81ms, render: 271ms)
 ⨯ The requested resource isn't a valid image for /Character Development and Side Quests.jpg received null
 GET /New Updates in 2025.jpg 404 in 1930ms (compile: 449ms, proxy.ts: 1057ms, render: 423ms)
 ⨯ The requested resource isn't a valid image for /New Updates in 2025.jpg received null
 GET /Relatable Gameplay Experiences.jpg 404 in 888ms (compile: 657ms, proxy.ts: 46ms, render: 185ms)
 ⨯ The requested resource isn't a valid image for /Relatable Gameplay Experiences.jpg received null
 ✓ Compiled in 561ms
 GET /cj-journey.jpg 404 in 395ms (compile: 89ms, proxy.ts: 9ms, render: 297ms)
 GET /character-dev.jpg 404 in 373ms (compile: 118ms, proxy.ts: 18ms, render: 238ms)
 ⨯ The requested resource isn't a valid image for /cj-journey.jpg received null
 ⨯ The requested resource isn't a valid image for /character-dev.jpg received null
 GET /gang-conflicts.jpg 404 in 438ms (compile: 316ms, proxy.ts: 16ms, render: 106ms)
 ⨯ The requested resource isn't a valid image for /gang-conflicts.jpg received null
 GET /new-updates.jpg 404 in 211ms (compile: 24ms, proxy.ts: 7ms, render: 180ms)
 ⨯ The requested resource isn't a valid image for /new-updates.jpg received null
 GET /gameplay.jpg 404 in 225ms (compile: 104ms, proxy.ts: 8ms, render: 113ms)
 ⨯ The requested resource isn't a valid image for /gameplay.jpg received null
 ✓ Compiled in 947ms
 GET /CJ's Journey and Family Ties.jpg 404 in 291ms (compile: 24ms, proxy.ts: 13ms, render: 255ms)
 ⨯ The requested resource isn't a valid image for /CJ's Journey and Family Ties.jpg received null
 GET /Gang Conflicts and Rivalries.jpg 404 in 349ms (compile: 65ms, proxy.ts: 36ms, render: 248ms)
 ⨯ The requested resource isn't a valid image for /Gang Conflicts and Rivalries.jpg received null
 GET /Character Development and Side Quests.jpg 404 in 366ms (compile: 203ms, proxy.ts: 39ms, render: 125ms)
 ⨯ The requested resource isn't a valid image for /Character Development and Side Quests.jpg received null
 GET /New Updates in 2025.jpg 404 in 165ms (compile: 42ms, proxy.ts: 15ms, render: 108ms)
 ⨯ The requested resource isn't a valid image for /New Updates in 2025.jpg received null
 GET /Relatable Gameplay Experiences.jpg 404 in 227ms (compile: 135ms, proxy.ts: 6ms, render: 86ms)
 ⨯ The requested resource isn't a valid image for /Relatable Gameplay Experiences.jpg received null
 GET / 200 in 622ms (compile: 41ms, proxy.ts: 69ms, render: 513ms)
 GET /CJ's Journey and Family Ties.jpg 404 in 1434ms (compile: 162ms, proxy.ts: 31ms, render: 1241ms)
 ⨯ The requested resource isn't a valid image for /CJ's Journey and Family Ties.jpg received null
 GET /Gang Conflicts and Rivalries.jpg 404 in 1475ms (compile: 344ms, proxy.ts: 32ms, render: 1099ms)
 GET /Character Development and Side Quests.jpg 404 in 1486ms (compile: 488ms, proxy.ts: 34ms, render: 963ms)
 GET /New Updates in 2025.jpg 404 in 1502ms (compile: 709ms, proxy.ts: 49ms, render: 743ms)
 GET /Relatable Gameplay Experiences.jpg 404 in 1507ms (compile: 793ms, proxy.ts: 54ms, render: 659ms)
 ⨯ The requested resource isn't a valid image for /Gang Conflicts and Rivalries.jpg received null
 ⨯ The requested resource isn't a valid image for /Character Development and Side Quests.jpg received null
 ⨯ The requested resource isn't a valid image for /New Updates in 2025.jpg received null
 ⨯ The requested resource isn't a valid image for /Relatable Gameplay Experiences.jpg received null
 GET /gta-image-1.jpg 404 in 291ms (compile: 32ms, proxy.ts: 8ms, render: 250ms)
 ⨯ The requested resource isn't a valid image for /gta-image-1.jpg received null
